[2026-07-08T08:22:46.976Z] info: kubernetes.yaml was copied to the config folder
[2026-07-08T08:22:51.383Z] info: bookmarks.yaml was copied to the config folder
[2026-07-08T08:22:51.384Z] info: proxmox.yaml was copied to the config folder
[2026-07-08T08:22:51.391Z] info: custom.css was copied to the config folder
[2026-07-08T08:22:51.392Z] info: custom.js was copied to the config folder
[2026-07-08T08:22:51.474Z] warn: <resources> Drive not found for target: /data
[2026-07-08T08:22:54.497Z] warn: <resources> Drive not found for target: /data
[2026-07-08T08:22:57.571Z] warn: <resources> Drive not found for target: /data
[2026-07-08T08:23:00.609Z] warn: <resources> Drive not found for target: /data
[2026-07-08T08:23:03.671Z] warn: <resources> Drive not found for target: /data
[2026-07-08T08:23:06.737Z] warn: <resources> Drive not found for target: /data
[2026-07-08T08:23:09.817Z] warn: <resources> Drive not found for target: /data
[2026-07-08T08:23:12.884Z] warn: <resources> Drive not found for target: /data
[2026-07-08T08:23:15.911Z] warn: <resources> Drive not found for target: /data
[2026-07-08T08:23:18.943Z] warn: <resources> Drive not found for target: /data
[2026-07-08T08:23:21.970Z] warn: <resources> Drive not found for target: /data
[2026-07-08T08:23:25.039Z] warn: <resources> Drive not found for target: /data
[2026-07-08T08:23:28.076Z] warn: <resources> Drive not found for target: /data
[2026-07-08T08:23:30.503Z] warn: <resources> Drive not found for target: /data
[2026-07-08T08:23:33.511Z] warn: <resources> Drive not found for target: /data
[2026-07-08T08:23:36.554Z] warn: <resources> Drive not found for target: /data
[2026-07-08T08:23:39.611Z] warn: <resources> Drive not found for target: /data
[2026-07-08T08:23:42.657Z] warn: <resources> Drive not found for target: /data
[2026-07-08T08:23:45.716Z] warn: <resources> Drive not found for target: /data
[2026-07-08T08:23:48.759Z] warn: <resources> Drive not found for target: /data
[2026-07-08T08:23:52.012Z] warn: <resources> Drive not found for target: /data
[2026-07-08T08:23:55.075Z] warn: <resources> Drive not found for target: /data
[2026-07-08T08:23:58.127Z] warn: <resources> Drive not found for target: /data
[2026-07-08T08:24:01.180Z] warn: <resources> Drive not found for target: /data
[2026-07-08T08:24:04.228Z] warn: <resources> Drive not found for target: /data
[2026-07-08T08:24:07.253Z] warn: <resources> Drive not found for target: /data
[2026-07-08T08:24:10.275Z] warn: <resources> Drive not found for target: /data
[2026-07-08T08:24:13.301Z] warn: <resources> Drive not found for target: /data
[2026-07-08T08:24:16.338Z] warn: <resources> Drive not found for target: /data
[2026-07-08T08:24:19.383Z] warn: <resources> Drive not found for target: /data
[2026-07-08T08:24:22.426Z] warn: <resources> Drive not found for target: /data
[2026-07-08T08:24:25.468Z] warn: <resources> Drive not found for target: /data
[2026-07-08T08:24:28.507Z] warn: <resources> Drive not found for target: /data
[2026-07-08T08:24:30.607Z] warn: <resources> Drive not found for target: /data
[2026-07-08T08:24:33.065Z] warn: <resources> Drive not found for target: /data
[2026-08-22T07:05:53.071Z] error: <httpProxy> Error calling https://api.github.com/repos/gethomepage/homepage/releases...
[2026-08-22T07:05:53.076Z] error: <httpProxy> [
  500,
  Error: getaddrinfo EAI_AGAIN api.github.com
      at ignore-listed frames {
    errno: -3001,
    code: 'EAI_AGAIN',
    syscall: 'getaddrinfo',
    hostname: 'api.github.com'
  }
]
[2026-09-13T05:21:00.898Z] error: <httpProxy> Error calling http://yam:8384/rest/system/connections...
[2026-09-13T05:21:00.903Z] error: <httpProxy> [
  500,
  Error: connect ECONNREFUSED 100.101.127.71:8384
      at <unknown> (Error: connect ECONNREFUSED 100.101.127.71:8384) {
    errno: -111,
    code: 'ECONNREFUSED',
    syscall: 'connect',
    address: '100.101.127.71',
    port: 8384
  }
]
[2026-09-13T05:21:00.904Z] error: <credentialedProxyHandler> HTTP Error 500 calling http://yam:8384/rest/system/connections
[2026-09-13T05:21:00.905Z] error: <httpProxy> Error calling http://yam:8384/rest/db/completion...
[2026-09-13T05:21:00.906Z] error: <httpProxy> [
  500,
  Error: connect ECONNREFUSED 100.101.127.71:8384
      at <unknown> (Error: connect ECONNREFUSED 100.101.127.71:8384) {
    errno: -111,
    code: 'ECONNREFUSED',
    syscall: 'connect',
    address: '100.101.127.71',
    port: 8384
  }
]
[2026-09-13T05:21:00.906Z] error: <credentialedProxyHandler> HTTP Error 500 calling http://yam:8384/rest/db/completion
[2026-09-13T05:21:00.909Z] error: <httpProxy> Error calling http://yam:8384/rest/system/error...
[2026-09-13T05:21:00.910Z] error: <httpProxy> [
  500,
  Error: connect ECONNREFUSED 100.101.127.71:8384
      at <unknown> (Error: connect ECONNREFUSED 100.101.127.71:8384) {
    errno: -111,
    code: 'ECONNREFUSED',
    syscall: 'connect',
    address: '100.101.127.71',
    port: 8384
  }
]
[2026-09-13T05:21:00.910Z] error: <credentialedProxyHandler> HTTP Error 500 calling http://yam:8384/rest/system/error
